// Jest Snapshot v1, https://goo.gl/fbAQLP

exports[`Main Component should render the heading 1`] = `
.c0 {
  width: 100%;
  height: 100%;
  background-color: #06092b;
  color: #fff;
  padding: 3rem;
  display: -webkit-box;
  display: -webkit-flex;
  display: -ms-flexbox;
  display: flex;
  -webkit-flex-direction: column;
  -ms-flex-direction: column;
  flex-direction: column;
  -webkit-align-items: center;
  -webkit-box-align: center;
  -ms-flex-align: center;
  align-items: center;
  -webkit-box-pack: center;
  -webkit-justify-content: center;
  -ms-flex-pack: center;
  justify-content: center;
}

.c0 .logo {
  width: 25rem;
  margin-bottom: 2rem;
}

.c0 .title {
  font-size: 2.5rem;
  margin-bottom: 1rem;
}

.c0 .description {
  font-size: 2rem;
  font-weight: 400;
}

.c0 .ilustration {
  margin-top: 3rem;
  width: min(30rem,100%);
}

<main
  class="c0"
>
  <img
    alt="Imagem de um átomo e React avançado escrito ao lado"
    class="logo"
    src="/images/logo.svg"
  />
  <h1
    class="title"
  >
    React Avançado
  </h1>
  <p
    class="description"
  >
    Typescript, ReactJS, NextJS e Styled Components
  </p>
  <img
    alt="Um desenvolvedor de frente para uma tela com código."
    class="ilustration"
    src="/images/hero-illustration.svg"
  />
</main>
`;
